// Jest Snapshot v1, https://goo.gl/fbAQLP

exports[`baiting minigame template should match the snapshot 1`] = `
"
<div id=\\"baiting-minigame\\" class=\\"minigame-container shake-light\\" style=\\"display: flex; width: 350px\\">
    <div style=\\"float:left; width: 150px\\">
        <svg viewBox=\\"0 0 200 250\\" xmlns=\\"http://www.w3.org/2000/svg\\">
            <defs>
                <style>
                    .cls-1 {
                        fill-rule: evenodd;
                        fill: #fff;
                        opacity: 0.9;
                        transform: translate(2rem, 5.5rem);
                    }
                </style>
            </defs>

            <text x=\\"50%\\" y=\\"10\\" id=\\"distance\\" fill=\\"#ffffff\\" dominant-baseline=\\"middle\\" text-anchor=\\"middle\\"></text>

            <circle
            cx=\\"100\\"
            cy=\\"120\\"
            r=\\"90\\"
            fill=\\"black\\"
            stroke=\\"black\\"
            opacity=\\"0.5\\"
            stroke-width=\\"15\\"
            />

            <circle
            cx=\\"100\\"
            cy=\\"120\\"
            r=\\"90\\"
            fill=\\"none\\"
            stroke=\\"white\\"
            stroke-width=\\"2\\"
            />

            <circle
            id=\\"catchOpportunityIndicator\\"
            cx=\\"100\\"
            cy=\\"120\\"
            r=\\"90\\"
            fill=\\"none\\"
            stroke=\\"#28f7af\\"
            stroke-width=\\"5\\"
            stroke-dasharray=\\"0\\"
            transform=\\"rotate(-90,100,120)\\"
            />

            <line
            id=\\"lineTension\\"
            x1=\\"100\\"
            y1=\\"70\\"
            x2=\\"100\\"
            y2=\\"30\\"
            stroke=\\"white\\"
            stroke-width=\\"2\\"
            />

            <path
            class=\\"cls-1\\"
            d=\\"M82.71,11.84l6.7-6.91c-9.32-7-30-3.33-38.91,3.22A39.36,39.36,0,0,0,37.39,6.94c-10.63.46-1.71,9.23,1.68,12.71-2.85,4.6-5.44,9.37-7.92,14.21C29.26,39,25.29,41,19.62,40.32l-6.29-1.25C10,38.41-1.8,35,.23,41.89c2.05,4.46,7.07,8.35,12.37,12.2a82.6,82.6,0,0,0,2.07,9.3c2.49,9,6.33,8.83,9,.5l3.59-11.45c1.11-4.1,3.44-5.93,6.45-6.19,9.19-.79,16.79,2.48,29.12-1.37a51.67,51.67,0,0,0,2.64,9.45c1.29,2.26,3.14,2.49,5.78-.31a42,42,0,0,0,5.22-15c9.19-9.52,15.66-22.88,14.73-30.72l-8.45,3.57ZM118.61,0V8.58a7.81,7.81,0,0,1,0,13.92V37.19c-.1,7-3.71,12-8.38,14.52a14.85,14.85,0,0,1-6.29,1.75,13.46,13.46,0,0,1-6.49-1.33c-4.45-2.16-8-7-8.55-14.8L92.59,29l3.27,7.84c.35,4.94,2.26,7.86,4.64,9a6.55,6.55,0,0,0,3.13.64,7.64,7.64,0,0,0,3.3-.93,9.39,9.39,0,0,0,4.71-8.42h0V22.54a7.81,7.81,0,0,1,0-14V0ZM75.21,5.27a3.54,3.54,0,1,0,2.5,4.32,3.54,3.54,0,0,0-2.5-4.32Z\\"
            />

            <line
            id=\\"lineTension\\"
            x1=\\"100\\"
            y1=\\"210\\"
            x2=\\"100\\"
            y2=\\"170\\"
            stroke=\\"white\\"
            stroke-width=\\"2\\"
            />

            <text x=\\"50%\\" y=\\"240\\" id=\\"landingSpot\\" fill=\\"#00ff00\\" class=\\"baitingSpot\\" dominant-baseline=\\"middle\\" text-anchor=\\"middle\\">Landed on spot</text>
        </svg>
    </div>

    <div style=\\"float:right; width: 200px\\">
        <svg viewBox=\\"0 0 200 200\\" xmlns=\\"http://www.w3.org/2000/svg\\">
            <defs>
                <style>
                    .cls-1 {
                        fill-rule: evenodd;
                        fill: #fff;
                        opacity: 0.9;
                        transform: translate(2rem, 5.5rem);
                    }

                    .catchTooltip {
                        display: none;
                    }
                </style>
            </defs>

            <rect
            rx=\\"2\\"
            ry=\\"2\\"
            x=\\"30\\"
            y=\\"80\\"
            width=\\"30\\"
            height=\\"30\\"
            fill=\\"black\\"
            stroke=\\"black\\"
            class=\\"catchTooltip\\"
            />

            <rect
            rx=\\"2\\"
            ry=\\"2\\"
            x=\\"30\\"
            y=\\"80\\"
            width=\\"30\\"
            height=\\"30\\"
            fill=\\"none\\"
            stroke=\\"white\\"
            stroke-width=\\"1\\"
            class=\\"catchTooltip\\"
            />

            <text x=\\"45\\" y=\\"95\\" fill=\\"#ffffff\\" class=\\"catchTooltip\\" dominant-baseline=\\"middle\\" text-anchor=\\"middle\\" style=\\"font-size: 20px; font-weight: bold; font-family: Arial\\">
                E
            </text>

            <text x=\\"120\\" y=\\"95\\" fill=\\"#ffffff\\" class=\\"catchTooltip\\" dominant-baseline=\\"middle\\" text-anchor=\\"middle\\" style=\\"font-size: 13px; font-weight: bold; font-family: Arial; letter-spacing: 1px\\">
                (HOLD)
            </text>
        </svg>
    </div>
</div>"
`;
